tutub@DESKTOP-6D9I1FD MINGW64 ~/OneDrive/Desktop/Task App
$ git init
Initialized empty Git repository in C:/Users/tutub/OneDrive/Desktop/Task App/.git/

tutub@DESKTOP-6D9I1FD MINGW64 ~/OneDrive/Desktop/Task App (master)
$ git status
On branch master

No commits yet

Untracked files:
  (use "git add <file>..." to include in what will be committed)
        index.html
        index.js
        style.css

nothing added to commit but untracked files present (use "git add" to track)

tutub@DESKTOP-6D9I1FD MINGW64 ~/OneDrive/Desktop/Task App (master)
$ git add index.html

tutub@DESKTOP-6D9I1FD MINGW64 ~/OneDrive/Desktop/Task App (master)
$ git add index.js

tutub@DESKTOP-6D9I1FD MINGW64 ~/OneDrive/Desktop/Task App (master)
$ git add style.css

tutub@DESKTOP-6D9I1FD MINGW64 ~/OneDrive/Desktop/Task App (master)
$ git status
On branch master

No commits yet

Changes to be committed:
  (use "git rm --cached <file>..." to unstage)
        new file:   index.html
        new file:   index.js
        new file:   style.css


tutub@DESKTOP-6D9I1FD MINGW64 ~/OneDrive/Desktop/Task App (master)
$ git commit -m
error: switch `m' requires a value

tutub@DESKTOP-6D9I1FD MINGW64 ~/OneDrive/Desktop/Task App (master)
$ git commit -m "first commit"
[master (root-commit) 972b413] first commit
 3 files changed, 281 insertions(+)
 create mode 100644 index.html
 create mode 100644 index.js
 create mode 100644 style.css

tutub@DESKTOP-6D9I1FD MINGW64 ~/OneDrive/Desktop/Task App (master)
$ git remote add origin https://github.com/AdriannaBitutu/TaskApp.git

tutub@DESKTOP-6D9I1FD MINGW64 ~/OneDrive/Desktop/Task App (master)
$ git push -u origin master
Enumerating objects: 5, done.
Counting objects: 100% (5/5), done.
Delta compression using up to 8 threads
Compressing objects: 100% (5/5), done.
Writing objects: 100% (5/5), 2.76 KiB | 2.76 MiB/s, done.
Total 5 (delta 0), reused 0 (delta 0), pack-reused 0
To https://github.com/AdriannaBitutu/TaskApp.git
 * [new branch]      master -> master
branch 'master' set up to track 'origin/master'.

tutub@DESKTOP-6D9I1FD MINGW64 ~/OneDrive/Desktop/Task App (master)
$ git status
On branch master
Your branch is up to date with 'origin/master'.

Untracked files:
  (use "git add <file>..." to include in what will be committed)
        git workflow.pdf

nothing added to commit but untracked files present (use "git add" to track)

tutub@DESKTOP-6D9I1FD MINGW64 ~/OneDrive/Desktop/Task App (master)
$ git add git workflow.pdf
fatal: pathspec 'git' did not match any files

tutub@DESKTOP-6D9I1FD MINGW64 ~/OneDrive/Desktop/Task App (master)
$ git_log.txt
bash: git_log.txt: command not found

tutub@DESKTOP-6D9I1FD MINGW64 ~/OneDrive/Desktop/Task App (master)
$ touch git_log.txt

tutub@DESKTOP-6D9I1FD MINGW64 ~/OneDrive/Desktop/Task App (master)
$
